// Vitest Snapshot v1, https://vitest.dev/guide/snapshot.html

exports[`Footer component > matches snapshot 1`] = `
<DocumentFragment>
  <footer
    class="bg-body-tertiary footer row border-top border-secondary-subtle"
  >
    <div
      class="col-3 github-link"
    >
      <div>
        <a
          href="https://github.com/asrashley/dash-live"
        >
          github.com/asrashley/dash-live
        </a>
      </div>
      <div>
        12345abcde
      </div>
    </div>
    <div
      class="col-6 text-center service-name"
    >
      Simulated MPEG DASH service
    </div>
    <div
      class="col-3 text-end copyright"
    >
      Â©2025 Alexis Ashley
    </div>
  </footer>
</DocumentFragment>
`;
