// Vitest Snapshot v1, https://vitest.dev/guide/snapshot.html

exports[`MessagesPanel > should display messages 1`] = `
<DocumentFragment>
  <div
    class="messages-panel"
  >
    <div
      class="alert alert-warning alert-dismissible fade show"
      id="alert_12"
      role="alert"
    >
      alert message one
      <button
        aria-label="Close"
        class="btn-close"
        data-bs-dismiss="alert"
        type="button"
      />
    </div>
    <div
      class="alert alert-info alert-dismissible fade show"
      id="alert_23"
      role="alert"
    >
      message two
      <button
        aria-label="Close"
        class="btn-close"
        data-bs-dismiss="alert"
        type="button"
      />
    </div>
  </div>
</DocumentFragment>
`;
