// Vitest Snapshot v1, https://vitest.dev/guide/snapshot.html

exports[`VideoPlayer component > matches snapshot 1`] = `
<DocumentFragment>
  <div
    id="vid-window"
  >
    <video
      src="https://unit.test.local/test.mpd"
    />
  </div>
</DocumentFragment>
`;
