// Vitest Snapshot v1, https://vitest.dev/guide/snapshot.html

exports[`NoStreamsMessage > should display message 1`] = `
<DocumentFragment>
  <div
    class="card"
  >
    <div
      class="card-header"
    >
      Please add some media files
    </div>
    <div
      class="card-body"
    >
      <p>
        <span
          class="bi icon bi-camera-video-off fs-2 me-2"
          role="icon"
        />
        There are no streams in the database. Please go
    to 
        <a
          class="link"
          href="/streams"
        >
          the streams page
        </a>
         and
    add some streams.
      </p>
    </div>
  </div>
</DocumentFragment>
`;
