// Vitest Snapshot v1, https://vitest.dev/guide/snapshot.html

exports[`ViewManifest component > matches snapshot 1`] = `[Function]`;
