// Vitest Snapshot v1, https://vitest.dev/guide/snapshot.html

exports[`DeleteUserDialog component > shows dialog 1`] = `
<DocumentFragment>
  <div
    aria-modal="true"
    class="modal fade show"
    id="dialog-box"
    role="dialog"
    style="display: block;"
    tabindex="-1"
  >
    <div
      class="modal-dialog"
      role="document"
    >
      <div
        class="modal-content"
      >
        <div
          class="modal-header"
        >
          <h5
            class="modal-title"
          >
            Are you sure you want to delete this user?
          </h5>
          <button
            aria-label="Close"
            class="close btn-close"
            type="button"
          />
        </div>
        <div
          class="modal-body m-2"
        >
          <h3>
            Delete user "new.user" ?
          </h3>
        </div>
        <div
          class="modal-footer"
        >
          <div
            class="form-actions"
          >
            <button
              class="btn btn-danger me-4"
              data-testid="confirm-delete"
            >
              Delete new.user
            </button>
            <button
              class="btn btn-primary me-2"
              data-testid="cancel-delete"
            >
              Cancel
            </button>
          </div>
        </div>
      </div>
    </div>
  </div>
</DocumentFragment>
`;
